{
  "exclude": {
    "files": "^.git/.*|^.secrets.baseline$",
    "lines": null
  },
  "generated_at": "2026-02-18T17:15:52Z",
  "plugins_used": [
    {
      "name": "AWSKeyDetector"
    },
    {
      "name": "ArtifactoryDetector"
    },
    {
      "name": "AzureStorageKeyDetector"
    },
    {
      "base64_limit": 4.5,
      "name": "Base64HighEntropyString"
    },
    {
      "name": "BasicAuthDetector"
    },
    {
      "name": "BoxDetector"
    },
    {
      "name": "CloudantDetector"
    },
    {
      "ghe_instance": "github.ibm.com",
      "name": "GheDetector"
    },
    {
      "name": "GitHubTokenDetector"
    },
    {
      "hex_limit": 3,
      "name": "HexHighEntropyString"
    },
    {
      "name": "IbmCloudIamDetector"
    },
    {
      "name": "IbmCosHmacDetector"
    },
    {
      "name": "JwtTokenDetector"
    },
    {
      "keyword_exclude": null,
      "name": "KeywordDetector"
    },
    {
      "name": "MailchimpDetector"
    },
    {
      "name": "NpmDetector"
    },
    {
      "name": "PrivateKeyDetector"
    },
    {
      "name": "SlackDetector"
    },
    {
      "name": "SoftlayerDetector"
    },
    {
      "name": "SquareOAuthDetector"
    },
    {
      "name": "StripeDetector"
    },
    {
      "name": "TwilioKeyDetector"
    }
  ],
  "results": {
    "README.md": [
      {
        "hashed_secret": "2512d6e293476af720340c6083a4668ab6865198",
        "is_secret": false,
        "is_verified": false,
        "line_number": 99,
        "type": "Secret Keyword",
        "verified_result": null
      },
      {
        "hashed_secret": "bc2f74c22f98f7b6ffbc2f67453dbfa99bce9a32",
        "is_secret": false,
        "is_verified": false,
        "line_number": 104,
        "type": "Secret Keyword",
        "verified_result": null
      },
      {
        "hashed_secret": "0c9967f3918994e95ab61396a76a7d10f783c8f7",
        "is_secret": false,
        "is_verified": false,
        "line_number": 109,
        "type": "Secret Keyword",
        "verified_result": null
      },
      {
        "hashed_secret": "0eccacee64fee5842732cc20f9c83041370fc232",
        "is_secret": false,
        "is_verified": false,
        "line_number": 119,
        "type": "Secret Keyword",
        "verified_result": null
      },
      {
        "hashed_secret": "af80e54c5d95e16339a7be7d35ff298c72ad9552",
        "is_secret": false,
        "is_verified": false,
        "line_number": 205,
        "type": "Secret Keyword",
        "verified_result": null
      },
      {
        "hashed_secret": "fd1daf2e350a06b865f4a1e17bb39183b806c1e9",
        "is_secret": false,
        "is_verified": false,
        "line_number": 296,
        "type": "Secret Keyword",
        "verified_result": null
      },
      {
        "hashed_secret": "da342f6763ec24b9d5b392189f44aa48449f3908",
        "is_secret": false,
        "is_verified": false,
        "line_number": 315,
        "type": "Secret Keyword",
        "verified_result": null
      },
      {
        "hashed_secret": "0d1ba0da3e84e54f29846c93c43182eede365858",
        "is_secret": false,
        "is_verified": false,
        "line_number": 342,
        "type": "Secret Keyword",
        "verified_result": null
      },
      {
        "hashed_secret": "7690aa264745a3e2142da07066f87042804759cc",
        "is_secret": false,
        "is_verified": false,
        "line_number": 383,
        "type": "Secret Keyword",
        "verified_result": null
      }
    ],
    "docs/Claude-desktop-integration-guide.md": [
      {
        "hashed_secret": "bc2f74c22f98f7b6ffbc2f67453dbfa99bce9a32",
        "is_secret": false,
        "is_verified": false,
        "line_number": 137,
        "type": "Secret Keyword",
        "verified_result": null
      },
      {
        "hashed_secret": "fd1daf2e350a06b865f4a1e17bb39183b806c1e9",
        "is_secret": false,
        "is_verified": false,
        "line_number": 167,
        "type": "Secret Keyword",
        "verified_result": null
      }
    ],
    "docs/DEVELOPMENT.md": [
      {
        "hashed_secret": "41d97cf667d14dc2bbac821e7c438c86e2e2c083",
        "is_secret": false,
        "is_verified": false,
        "line_number": 78,
        "type": "Secret Keyword",
        "verified_result": null
      }
    ],
    "docs/IBM-Bob-integration-guide.md": [
      {
        "hashed_secret": "bc2f74c22f98f7b6ffbc2f67453dbfa99bce9a32",
        "is_secret": false,
        "is_verified": false,
        "line_number": 119,
        "type": "Secret Keyword",
        "verified_result": null
      },
      {
        "hashed_secret": "fd1daf2e350a06b865f4a1e17bb39183b806c1e9",
        "is_secret": false,
        "is_verified": false,
        "line_number": 148,
        "type": "Secret Keyword",
        "verified_result": null
      }
    ],
    "samples/deploy_demo_materials.sh": [
      {
        "hashed_secret": "1909ac2fa979966a53b5cffe5723797a7c3a85b0",
        "is_secret": false,
        "is_verified": false,
        "line_number": 24,
        "type": "Secret Keyword",
        "verified_result": null
      },
      {
        "hashed_secret": "8309b91c4b2e7ccdb6305356dc5b12edbf87f5cd",
        "is_secret": false,
        "is_verified": false,
        "line_number": 41,
        "type": "Secret Keyword",
        "verified_result": null
      }
    ],
    "tests/test_credentials.py": [
      {
        "hashed_secret": "c94d65f02a652d11c2e5c2e1ccf38dce5a076e1e",
        "is_secret": false,
        "is_verified": false,
        "line_number": 32,
        "type": "Secret Keyword",
        "verified_result": null
      },
      {
        "hashed_secret": "00942f4668670f34c5943cf52c7ef3139fe2b8d6",
        "is_secret": false,
        "is_verified": false,
        "line_number": 68,
        "type": "Secret Keyword",
        "verified_result": null
      },
      {
        "hashed_secret": "e63b6c1048aad6ff540167d778eff1e495aec786",
        "is_secret": false,
        "is_verified": false,
        "line_number": 174,
        "type": "Secret Keyword",
        "verified_result": null
      },
      {
        "hashed_secret": "2ace62c1befa19e3ea37dd52be9f6d508c5163e6",
        "is_secret": false,
        "is_verified": false,
        "line_number": 384,
        "type": "Secret Keyword",
        "verified_result": null
      },
      {
        "hashed_secret": "be4fc4886bd949b369d5e092eb87494f12e57e5b",
        "is_secret": false,
        "is_verified": false,
        "line_number": 410,
        "type": "Private Key",
        "verified_result": null
      },
      {
        "hashed_secret": "9fb7fe1217aed442b04c0f5e43b5d5a7d3287097",
        "is_secret": false,
        "is_verified": false,
        "line_number": 447,
        "type": "Secret Keyword",
        "verified_result": null
      },
      {
        "hashed_secret": "1089adfb1f11b95df31344030507912b5abdf57a",
        "is_secret": false,
        "is_verified": false,
        "line_number": 500,
        "type": "Secret Keyword",
        "verified_result": null
      },
      {
        "hashed_secret": "1348b145fa1a555461c1b790a2f66614781091e9",
        "is_secret": false,
        "is_verified": false,
        "line_number": 642,
        "type": "Private Key",
        "verified_result": null
      },
      {
        "hashed_secret": "8318df9ecda039deac9868adf1944a29a95c7114",
        "is_secret": false,
        "is_verified": false,
        "line_number": 715,
        "type": "Secret Keyword",
        "verified_result": null
      }
    ],
    "tests/test_decision_mcp_server.py": [
      {
        "hashed_secret": "206c80413b9a96c1312cc346b7d2517b84463edd",
        "is_secret": false,
        "is_verified": false,
        "line_number": 74,
        "type": "Secret Keyword",
        "verified_result": null
      },
      {
        "hashed_secret": "d3968f47dd2218bd5ed98951ad06c74a21f8f82e",
        "is_secret": false,
        "is_verified": false,
        "line_number": 90,
        "type": "Secret Keyword",
        "verified_result": null
      },
      {
        "hashed_secret": "3acfb2c2b433c0ea7ff107e33df91b18e52f960f",
        "is_secret": false,
        "is_verified": false,
        "line_number": 186,
        "type": "Secret Keyword",
        "verified_result": null
      },
      {
        "hashed_secret": "fe1bae27cb7c1fb823f496f286e78f1d2ae87734",
        "is_secret": false,
        "is_verified": false,
        "line_number": 218,
        "type": "Secret Keyword",
        "verified_result": null
      },
      {
        "hashed_secret": "c94d65f02a652d11c2e5c2e1ccf38dce5a076e1e",
        "is_secret": false,
        "is_verified": false,
        "line_number": 290,
        "type": "Secret Keyword",
        "verified_result": null
      },
      {
        "hashed_secret": "33b58f0ce3d1ebf4b89365b01966009637137e45",
        "is_secret": false,
        "is_verified": false,
        "line_number": 320,
        "type": "Secret Keyword",
        "verified_result": null
      }
    ]
  },
  "version": "0.13.1+ibm.64.dss",
  "word_list": {
    "file": null,
    "hash": null
  }
}
